// Jest Snapshot v1, https://goo.gl/fbAQLP

exports[`<Header/> should match snapshot 1`] = `"<div id=\\"cnyes-header-wrapper\\" class=\\"theme-wrapper theme-header\\"><header class=\\"main-header theme-main-header\\"><div class=\\"header-menu\\"><span class=\\"logo-wrapper\\"><a href=\\"http://www.cnyes.com/\\" class=\\"logo\\"></a><a href=\\"/\\" class=\\"channel-label\\">基金</a></span><span class=\\"actions\\"><ul class=\\"user-nav\\"><li><a href=\\"https://www.facebook.com/cnYES/\\" target=\\"_blank\\" rel=\\"noopener noreferrer\\">粉絲團</a></li></ul><form accept-charset=\\"UTF-8\\" action=\\"https://so.cnyes.com/cnyessearch.aspx\\" class=\\"header-search\\" target=\\"_blank\\"><input type=\\"hidden\\" name=\\"cx\\" value=\\"015486011444191663508:8ijuvgfglaq\\"><input type=\\"hidden\\" name=\\"other\\" value=\\"\\"><input type=\\"hidden\\" name=\\"ie\\" value=\\"UTF-8\\"><input type=\\"hidden\\" name=\\"ga\\" value=\\"nav\\"><input name=\\"q\\" placeholder=\\"請輸入關鍵詞\\"><button type=\\"submit\\"></button></form></span></div><nav><div class=\\"\\"><a href=\\"http://www.cnyes.com/index.htm\\" class=\\"submenu-title\\"><!-- react-text: 21 -->首頁<!-- /react-text --></a></div><div class=\\"\\"><a href=\\"http://news.cnyes.com/\\" class=\\"submenu-title\\"><!-- react-text: 24 -->新聞<!-- /react-text --></a></div><div class=\\"\\"><a href=\\"http://www.cnyes.com/twstock/index.htm\\" class=\\"submenu-title\\"><!-- react-text: 27 -->台股<!-- /react-text --><span class=\\"with-arrow\\"></span></a><div class=\\"popup theme-popup\\" style=\\"width: 120px; height: auto; overflow: visible;\\"><nav class=\\"link-wrapper theme-link-wrapper\\" style=\\"height: auto;\\"><a href=\\"http://www.cnyes.com/twstock/index.htm\\" title=\\"台指期\\">台指期</a><a href=\\"http://www.cnyes.com/twstock/index.htm\\" title=\\"選擇權\\">選擇權</a><a href=\\"http://www.cnyes.com/warrant/tw/index.htm\\" title=\\"權證\\">權證</a><a href=\\"http://www.cnyes.com/presh/index.htm\\" title=\\"興櫃\\">興櫃</a><a href=\\"http://www.cnyes.com/pre/index.htm\\" title=\\"未上市\\">未上市</a></nav></div></div><div class=\\"\\"><a href=\\"https://stock.cnyes.com/\\" class=\\"submenu-title\\"><!-- react-text: 38 -->股市Talk<!-- /react-text --></a></div><div class=\\"\\"><a href=\\"http://www.cnyes.com/forex/index.htm\\" class=\\"submenu-title\\"><!-- react-text: 41 -->外匯<!-- /react-text --><span class=\\"with-arrow\\"></span></a><div class=\\"popup theme-popup\\" style=\\"width: 120px; height: auto; overflow: visible;\\"><nav class=\\"link-wrapper theme-link-wrapper\\" style=\\"height: auto;\\"><a href=\\"/news/cat/forex\\" title=\\"新聞\\">新聞</a><a href=\\"http://traderoom.cnyes.com/global/forex.aspx\\" title=\\"即時報價\\">即時報價</a><a href=\\"http://www.cnyes.com/forex/forex_index.aspx\\" title=\\"看盤室\\">看盤室</a><a href=\\"http://www.cnyes.com/forex/major.aspx\\" title=\\"主要匯價\\">主要匯價</a><a href=\\"http://www.cnyes.com/forex/forex_list.aspx\\" title=\\"交叉匯率\\">交叉匯率</a><a href=\\"http://www.cnyes.com/forex/twd.aspx\\" title=\\"新台幣\\">新台幣</a><a href=\\"http://www.cnyes.com/forex/rmb.htm\\" title=\\"人民幣\\">人民幣</a><a href=\\"http://www.cnyes.com/forex/jpy.htm\\" title=\\"日元\\">日元</a><a href=\\"http://www.cnyes.com/forex/eur.htm\\" title=\\"歐元\\">歐元</a></nav></div></div><div class=\\"\\"><a href=\\"http://www.cnyes.com/global/IndexImmediateQuotedPrice/\\" class=\\"submenu-title\\"><!-- react-text: 56 -->全球市場<!-- /react-text --><span class=\\"with-arrow\\"></span></a><div class=\\"popup theme-popup\\" style=\\"width: 120px; height: auto; overflow: visible;\\"><nav class=\\"link-wrapper theme-link-wrapper\\" style=\\"height: auto;\\"><a href=\\"http://www.cnyes.com/global/IndexImmediateQuotedPrice/\\" title=\\"國際股\\">國際股</a><a href=\\"http://www.cnyes.com/USASTOCK/index.htm\\" title=\\"美股\\">美股</a><a href=\\"http://www.cnyes.com/hkstock/index.htm\\" title=\\"港股\\">港股</a><a href=\\"http://www.cnyes.com/shstock/index.htm\\" title=\\"滬深股\\">滬深股</a><a href=\\"http://www.cnyes.com/JP/index.htm\\" title=\\"日股\\">日股</a><a href=\\"http://www.cnyes.com/futures/index.htm\\" title=\\"國際期貨\\">國際期貨</a><a href=\\"http://www.cnyes.com/bond/index.htm\\" title=\\"債券\\">債券</a><a href=\\"http://www.cnyes.com/gold/index.htm\\" title=\\"黃金\\">黃金</a><a href=\\"http://www.cnyes.com/CentralBank/index.htm\\" title=\\"全球央行\\">全球央行</a><a href=\\"http://www.cnyes.com/economy/indicator/Page/schedule.aspx\\" title=\\"經濟指標\\">經濟指標</a><a href=\\"http://money.cnyes.com/StockQ.aspx\\" title=\\"StockQ\\">StockQ</a></nav></div></div><div class=\\"active theme-active\\"><a href=\\"http://fund.cnyes.com/index.htm\\" class=\\"submenu-title\\"><!-- react-text: 73 -->基金<!-- /react-text --><span class=\\"with-arrow\\"></span></a><div class=\\"popup theme-popup\\" style=\\"width: 120px; height: auto; overflow: visible;\\"><nav class=\\"link-wrapper theme-link-wrapper\\" style=\\"height: auto;\\"><a href=\\"http://fund.cnyes.com/MyFunds.aspx\\" title=\\"我的基金\\">我的基金</a><a href=\\"http://fund.cnyes.com/Search.aspx\\" title=\\"基金搜尋\\">基金搜尋</a><a href=\\"http://fund.cnyes.com/ranking/index.htm\\" title=\\"基金排行\\">基金排行</a><a href=\\"http://fund.cnyes.com/Fixedincome/\\" title=\\"債券專區\\">債券專區</a><a href=\\"http://fund.cnyes.com/dividend/index.htm\\" title=\\"配息專區\\">配息專區</a><a href=\\"http://fund.cnyes.com/report/report/index.htm\\" title=\\"研究報告\\">研究報告</a><a href=\\"https://www.fundsyes.com/?utm_source=cnyes&amp;utm_medium=index_menu\\" title=\\"基金交易平台\\">基金交易平台</a></nav></div></div><div class=\\"\\"><span class=\\"submenu-title\\"><!-- react-text: 86 -->交易<!-- /react-text --><span class=\\"with-arrow\\"></span></span><div class=\\"popup theme-popup\\"><nav class=\\"link-wrapper theme-link-wrapper\\"><a href=\\"https://www.fundsyes.com/Index.aspx?utm_source=cnyes&amp;utm_medium=channel_mainpage\\" title=\\"基金交易\\">基金交易</a></nav><nav class=\\"news-list theme-news-list\\"><h5>鉅亨基金交易平台</h5><a href=\\"https://www.fundsyes.com/Login.aspx?utm_source=cnyes&amp;utm_medium=channel_login\\" title=\\"交易登入\\">交易登入</a><a href=\\"https://www.fundsyes.com/launch/fund_index.htm?utm_source=cnyes&amp;utm_medium=channel_newuser\\" title=\\"免費開戶\\">免費開戶</a><a href=\\"https://www.fundsyes.com/Guide/Expenses.aspx?utm_source=cnyes&amp;utm_medium=channel_preferential\\" title=\\"最新優惠\\">最新優惠</a><a href=\\"https://www.fundsyes.com/Tool/SuggestionList.aspx?utm_source=cnyes&amp;utm_medium=channel_radar\\" title=\\"投資雷達\\">投資雷達</a></nav></div></div><div class=\\"\\"><a href=\\"http://www.cnyes.com/money/index.htm\\" class=\\"submenu-title\\"><!-- react-text: 99 -->理財<!-- /react-text --><span class=\\"with-arrow\\"></span></a><div class=\\"popup theme-popup\\" style=\\"width: 120px; height: auto; overflow: visible;\\"><nav class=\\"link-wrapper theme-link-wrapper\\" style=\\"height: auto;\\"><a href=\\"http://www.cnyes.com/money/BankService.aspx\\" title=\\"銀行服務\\">銀行服務</a><a href=\\"http://cnyes.com/mortgage\\" title=\\"房貸\\">房貸</a><a href=\\"http://www.cnyes.com/money/fundptcalcu.aspx\\" title=\\"投資分析\\">投資分析</a><a href=\\"http://www.cnyes.com/money/livelihoodPrice.htm\\" title=\\"民生物價\\">民生物價</a><a href=\\"http://www.cnyes.com/money/BankCalculation.aspx\\" title=\\"試算工具\\">試算工具</a><a href=\\"/news/cat/tw_money\\" title=\\"理財新聞\\">理財新聞</a><a href=\\"http://mag.cnyes.com/Column/financial/index.shtml\\" title=\\"理財雜誌\\">理財雜誌</a><a href=\\"http://www.cnyes.com/fixedincome/index.htm\\" title=\\"固定收益\\">固定收益</a><a href=\\"http://www.cnyes.com/insurance/index.htm\\" title=\\"保險\\">保險</a><a href=\\"http://www.cnyes.com/leases/index.htm\\" title=\\"租賃\\">租賃</a><a href=\\"http://www.cnyes.com/globalinvest/GlobalStock.htm\\" title=\\"股市地圖\\">股市地圖</a></nav></div></div><div class=\\"\\"><a href=\\"http://house.cnyes.com/global/\\" class=\\"submenu-title\\"><!-- react-text: 116 -->海外房產<!-- /react-text --><span class=\\"with-arrow\\"></span></a><div class=\\"popup theme-popup\\" style=\\"width: 120px; height: auto; overflow: visible;\\"><nav class=\\"link-wrapper theme-link-wrapper\\" style=\\"height: auto;\\"><a href=\\"http://house.cnyes.com/global/malaysia/default.aspx\\" title=\\"馬來西亞\\">馬來西亞</a><a href=\\"http://house.cnyes.com/global/japan/\\" title=\\"日本\\">日本</a><a href=\\"http://house.cnyes.com/global/thailand/\\" title=\\"泰國\\">泰國</a><a href=\\"http://house.cnyes.com/global/Cambodia/\\" title=\\"柬埔寨\\">柬埔寨</a><a href=\\"http://house.cnyes.com/global/Australia/\\" title=\\"澳洲\\">澳洲</a><a href=\\"http://house.cnyes.com/global/American/\\" title=\\"美國\\">美國</a><a href=\\"http://house.cnyes.com/\\" title=\\"台灣\\">台灣</a><a href=\\"http://house.cnyes.com/News/\\" title=\\"房地產新聞\\">房地產新聞</a></nav></div></div><div class=\\"\\"><a href=\\"http://blog.cnyes.com/\\" class=\\"submenu-title\\"><!-- react-text: 130 -->部落格<!-- /react-text --><span class=\\"with-arrow\\"></span></a><div class=\\"popup theme-popup\\" style=\\"width: 120px; height: auto; overflow: visible;\\"><nav class=\\"link-wrapper theme-link-wrapper\\" style=\\"height: auto;\\"><a href=\\"http://blog.cnyes.com/Excerpt.aspx\\" title=\\"名家專區\\">名家專區</a><a href=\\"http://blog.cnyes.com/SearchBlog.aspx?Purpose=Hit&amp;ga=nav\\" title=\\"人氣排行榜\\">人氣排行榜</a><a href=\\"http://blog.cnyes.com/WorldFresh.aspx\\" title=\\"最新文章\\">最新文章</a></nav></div></div><div class=\\"\\"><a href=\\"http://theme.cnyes.com/fund/index.html\\" class=\\"submenu-title\\"><!-- react-text: 139 -->主題投資<!-- /react-text --></a></div></nav></header><div class=\\"subheader-wrapper\\"><div class=\\"sub-header fixed theme-sub-header theme-fixed hide theme-hide js-hide js-header-sub-header\\"><nav class=\\"cat-menu theme-cat-menu\\"><span class=\\"cat-nav-item\\"><a class=\\"with-arrow\\" href=\\"/MyFunds.aspx\\" title=\\"我的基金\\">我的基金</a><nav class=\\"cat-nav-sub-item\\"><a href=\\"/myInvestment/myInvestment.aspx?ga=nav\\" title=\\"投資組合分析\\">投資組合分析</a><a href=\\"/calcmyfundHTML5.aspx?ga=nav\\" title=\\"基金透視鏡 \\">基金透視鏡 </a></nav></span><span class=\\"cat-nav-item\\"><a class=\\"is-new\\" href=\\"/search/\\" title=\\"基金搜尋\\">基金搜尋</a></span><span class=\\"cat-nav-item\\"><a class=\\"with-arrow\\" href=\\"/ranking/index.htm?ga=nav\\" title=\\"基金排行\\">基金排行</a><nav class=\\"cat-nav-sub-item\\"><a href=\\"/sector-ranking/index.htm?ga=nav\\" title=\\"組別分類排行\\">組別分類排行</a><a href=\\"/sector-ranking-yearly/index.htm?ga=nav\\" title=\\"組別年度績效排行\\">組別年度績效排行</a><a href=\\"/popular/index.htm?ga=nav\\" title=\\"熱門基金排行\\">熱門基金排行</a></nav></span><span class=\\"cat-nav-item\\"><a class=\\"with-arrow\\" href=\\"/Fixedincome/\\" title=\\"債券專區\\">債券專區</a><nav class=\\"cat-nav-sub-item\\"><a href=\\"/Fixedincome/index.aspx\\" title=\\"債券基金排行\\">債券基金排行</a><a href=\\"/Fixedincome/search.aspx\\" title=\\"債券基金搜尋器\\">債券基金搜尋器</a></nav></span><span class=\\"cat-nav-item\\"><a class=\\"\\" href=\\"/dividend/index.htm\\" title=\\"配息專區\\">配息專區</a></span><span class=\\"cat-nav-item\\"><a class=\\"with-arrow\\" href=\\"/report/report/index.htm\\" title=\\"研究報告\\">研究報告</a><nav class=\\"cat-nav-sub-item\\"><a href=\\"/report/manager/index.htm?ga=nav\\" title=\\"經理人訪談\\">經理人訪談</a><a href=\\"http://campaign.cnyes.com/FidelityAsiaBond/?ga=nav\\" title=\\"亞債新視野\\">亞債新視野</a><a href=\\"/report/MorningStar/index.htm?ga=nav\\" title=\\"晨星專欄\\">晨星專欄</a><a href=\\"/report/cnyes/index.htm?ga=nav\\" title=\\"鉅亨投資雷達\\">鉅亨投資雷達</a></nav></span><span class=\\"cat-nav-item\\"><a class=\\"\\" href=\\"https://www.fundsyes.com/?utm_source=cnyes&amp;utm_medium=fundchannel_menu2\\" title=\\"基金交易平台\\">基金交易平台</a></span></nav></div><div class=\\"sub-header theme-sub-header hide theme-hide js-hide js-header-sub-header\\"><nav class=\\"cat-menu theme-cat-menu\\"><span class=\\"cat-nav-item\\"><a class=\\"with-arrow\\" href=\\"/MyFunds.aspx\\" title=\\"我的基金\\">我的基金</a><nav class=\\"cat-nav-sub-item\\"><a href=\\"/myInvestment/myInvestment.aspx?ga=nav\\" title=\\"投資組合分析\\">投資組合分析</a><a href=\\"/calcmyfundHTML5.aspx?ga=nav\\" title=\\"基金透視鏡 \\">基金透視鏡 </a></nav></span><span class=\\"cat-nav-item\\"><a class=\\"is-new\\" href=\\"/search/\\" title=\\"基金搜尋\\">基金搜尋</a></span><span class=\\"cat-nav-item\\"><a class=\\"with-arrow\\" href=\\"/ranking/index.htm?ga=nav\\" title=\\"基金排行\\">基金排行</a><nav class=\\"cat-nav-sub-item\\"><a href=\\"/sector-ranking/index.htm?ga=nav\\" title=\\"組別分類排行\\">組別分類排行</a><a href=\\"/sector-ranking-yearly/index.htm?ga=nav\\" title=\\"組別年度績效排行\\">組別年度績效排行</a><a href=\\"/popular/index.htm?ga=nav\\" title=\\"熱門基金排行\\">熱門基金排行</a></nav></span><span class=\\"cat-nav-item\\"><a class=\\"with-arrow\\" href=\\"/Fixedincome/\\" title=\\"債券專區\\">債券專區</a><nav class=\\"cat-nav-sub-item\\"><a href=\\"/Fixedincome/index.aspx\\" title=\\"債券基金排行\\">債券基金排行</a><a href=\\"/Fixedincome/search.aspx\\" title=\\"債券基金搜尋器\\">債券基金搜尋器</a></nav></span><span class=\\"cat-nav-item\\"><a class=\\"\\" href=\\"/dividend/index.htm\\" title=\\"配息專區\\">配息專區</a></span><span class=\\"cat-nav-item\\"><a class=\\"with-arrow\\" href=\\"/report/report/index.htm\\" title=\\"研究報告\\">研究報告</a><nav class=\\"cat-nav-sub-item\\"><a href=\\"/report/manager/index.htm?ga=nav\\" title=\\"經理人訪談\\">經理人訪談</a><a href=\\"http://campaign.cnyes.com/FidelityAsiaBond/?ga=nav\\" title=\\"亞債新視野\\">亞債新視野</a><a href=\\"/report/MorningStar/index.htm?ga=nav\\" title=\\"晨星專欄\\">晨星專欄</a><a href=\\"/report/cnyes/index.htm?ga=nav\\" title=\\"鉅亨投資雷達\\">鉅亨投資雷達</a></nav></span><span class=\\"cat-nav-item\\"><a class=\\"\\" href=\\"https://www.fundsyes.com/?utm_source=cnyes&amp;utm_medium=fundchannel_menu2\\" title=\\"基金交易平台\\">基金交易平台</a></span></nav></div></div></div>"`;
