// Jest Snapshot v1, https://goo.gl/fbAQLP

exports[`<SubMenu/> should make a snapshot 1`] = `"<div class=\\"\\"><a href=\\"http://www.cnyes.com/twstock/index.htm\\" class=\\"submenu-title\\"><!-- react-text: 3 -->台股<!-- /react-text --><span class=\\"with-arrow\\"></span></a><div class=\\"popup theme-popup\\"><nav class=\\"link-wrapper theme-link-wrapper\\"><a href=\\"http://www.cnyes.com/twstock/index.htm\\" title=\\"台指期\\">台指期</a><a href=\\"http://www.cnyes.com/twstock/index.htm\\" title=\\"選擇權\\">選擇權</a><a href=\\"http://www.cnyes.com/warrant/tw/index.htm\\" title=\\"權證\\">權證</a><a href=\\"http://www.cnyes.com/presh/index.htm\\" title=\\"興櫃\\">興櫃</a><a href=\\"http://www.cnyes.com/pre/index.htm\\" title=\\"未上市\\">未上市</a></nav><nav class=\\"news-list theme-news-list\\"><h5>新聞頭條</h5><a href=\\"/news/id/3783319\\" title=\\"〈財部拚稅改〉對個人、營利事業影響都很大 須緊盯七大重點\\" target=\\"_blank\\" rel=\\"noopener noreferrer\\">〈財部拚稅改〉對個人、營利事業影響都很大 須緊盯七大重點</a><a href=\\"/news/id/3783318\\" title=\\"台股盤後－台積電領跌破季線 多方力抗回測壓力 小跌16點下探9700\\" target=\\"_blank\\" rel=\\"noopener noreferrer\\">台股盤後－台積電領跌破季線 多方力抗回測壓力 小跌16點下探9700</a><a href=\\"/news/id/3783271\\" title=\\"高鐵南港轉運站西站明啟用 自強號停靠大增超過百班\\" target=\\"_blank\\" rel=\\"noopener noreferrer\\">高鐵南港轉運站西站明啟用 自強號停靠大增超過百班</a><a href=\\"/news/id/3783232\\" title=\\"美系資料中心訂單動能強 信驊Q2營收將再創高\\" target=\\"_blank\\" rel=\\"noopener noreferrer\\">美系資料中心訂單動能強 信驊Q2營收將再創高</a><a href=\\"/news/id/3783215\\" title=\\"晶技初估Q1匯損逾8000萬 首季每股稅前賺1.15元\\" target=\\"_blank\\" rel=\\"noopener noreferrer\\">晶技初估Q1匯損逾8000萬 首季每股稅前賺1.15元</a><a href=\\"/news/id/3783107\\" title=\\"三大變因 恐成台股上攻絆腳石\\" target=\\"_blank\\" rel=\\"noopener noreferrer\\">三大變因 恐成台股上攻絆腳石</a><a href=\\"/news/id/3783183\\" title=\\"雲縣核准六輕許可證   環團靜坐抗議\\" target=\\"_blank\\" rel=\\"noopener noreferrer\\">雲縣核准六輕許可證   環團靜坐抗議</a><a href=\\"/news/id/3783136\\" title=\\"夏普2016年財報可達標？戴正吳：有信心\\" target=\\"_blank\\" rel=\\"noopener noreferrer\\">夏普2016年財報可達標？戴正吳：有信心</a><a href=\\"/news/id/3783150\\" title=\\"人民幣匯損來襲 弘帆跌出百元俱樂部 股價創一年半新低\\" target=\\"_blank\\" rel=\\"noopener noreferrer\\">人民幣匯損來襲 弘帆跌出百元俱樂部 股價創一年半新低</a><a href=\\"/news/id/3783015\\" title=\\"DRAM價格第二季續旺！惟恐壓縮PC、手機、伺服器系統商獲利\\" target=\\"_blank\\" rel=\\"noopener noreferrer\\">DRAM價格第二季續旺！惟恐壓縮PC、手機、伺服器系統商獲利</a><a href=\\"/news/id/3783128\\" title=\\"台商前進東協拿什麼打仗？IDC：靠「技術破壞者」優勢\\" target=\\"_blank\\" rel=\\"noopener noreferrer\\">台商前進東協拿什麼打仗？IDC：靠「技術破壞者」優勢</a><a href=\\"/news/id/3783130\\" title=\\"鉅橡看旺Q2類載板材料需求 股價逆勢抗震走高\\" target=\\"_blank\\" rel=\\"noopener noreferrer\\">鉅橡看旺Q2類載板材料需求 股價逆勢抗震走高</a><a href=\\"/news/id/3783105\\" title=\\"〈大同董監改選〉市場派新大同提抗告明開庭 公司：深表遺憾、委任律師提答辯\\" target=\\"_blank\\" rel=\\"noopener noreferrer\\">〈大同董監改選〉市場派新大同提抗告明開庭 公司：深表遺憾、委任律師提答辯</a><a href=\\"/news/id/3783101\\" title=\\"破除資源分散疑慮 發揮鴻海合併綜效 夏普擬重返PC市場\\" target=\\"_blank\\" rel=\\"noopener noreferrer\\">破除資源分散疑慮 發揮鴻海合併綜效 夏普擬重返PC市場</a><a href=\\"/news/id/3783102\\" title=\\"台股盤中—新台幣又升+北韓情勢不穩  失守9700點跌破季線\\" target=\\"_blank\\" rel=\\"noopener noreferrer\\">台股盤中—新台幣又升+北韓情勢不穩  失守9700點跌破季線</a><a href=\\"/news/id/3783072\\" title=\\"力成買日封測廠 與美光關係更緊密 股價開盤大漲逼近季線\\" target=\\"_blank\\" rel=\\"noopener noreferrer\\">力成買日封測廠 與美光關係更緊密 股價開盤大漲逼近季線</a><a href=\\"/news/id/3783063\\" title=\\"國泰金：經濟、就業樂觀指數連3月攀高 惟僅5.2%民眾估今年GDP會破2\\" target=\\"_blank\\" rel=\\"noopener noreferrer\\">國泰金：經濟、就業樂觀指數連3月攀高 惟僅5.2%民眾估今年GDP會破2</a><a href=\\"/news/id/3783035\\" title=\\"MLCC報價7年來首調漲 華新科強彈 凱美、智寶續拉第3根漲停\\" target=\\"_blank\\" rel=\\"noopener noreferrer\\">MLCC報價7年來首調漲 華新科強彈 凱美、智寶續拉第3根漲停</a><a href=\\"/news/id/3783059\\" title=\\"台股痛失「千金」 精測股價再重挫跌破千元 波段市值蒸發逾百億\\" target=\\"_blank\\" rel=\\"noopener noreferrer\\">台股痛失「千金」 精測股價再重挫跌破千元 波段市值蒸發逾百億</a><a href=\\"/news/id/3782849\\" title=\\"新世代台商逐鹿東協 掌握6大投資要素最為關鍵\\" target=\\"_blank\\" rel=\\"noopener noreferrer\\">新世代台商逐鹿東協 掌握6大投資要素最為關鍵</a><a href=\\"/news/id/3783012\\" title=\\"晶華首次攜手好市多 開賣冷凍禮盒\\" target=\\"_blank\\" rel=\\"noopener noreferrer\\">晶華首次攜手好市多 開賣冷凍禮盒</a><a href=\\"/news/id/3782008\\" title=\\"鉅亨早報─中國第1季GDP、日央行行長談話\\" target=\\"_blank\\" rel=\\"noopener noreferrer\\">鉅亨早報─中國第1季GDP、日央行行長談話</a><a href=\\"/news/id/3782983\\" title=\\"台灣主要報紙頭條要聞 2017年4月17日\\" target=\\"_blank\\" rel=\\"noopener noreferrer\\">台灣主要報紙頭條要聞 2017年4月17日</a><a href=\\"/news/id/3782987\\" title=\\"台股盤前─報稅季、匯損、北韓局勢多方消息衝擊 大盤盤弱壓力大\\" target=\\"_blank\\" rel=\\"noopener noreferrer\\">台股盤前─報稅季、匯損、北韓局勢多方消息衝擊 大盤盤弱壓力大</a><a href=\\"/news/id/3782776\\" title=\\"全球戰情緊張壓抑台股短線觀望適時汰弱留強\\" target=\\"_blank\\" rel=\\"noopener noreferrer\\">全球戰情緊張壓抑台股短線觀望適時汰弱留強</a><a href=\\"/news/id/3782750\\" title=\\"〈北韓若生戰事〉對雙D市場影響更甚於台灣921地震  「暫停報價」、「一日多市」恐再現\\" target=\\"_blank\\" rel=\\"noopener noreferrer\\">〈北韓若生戰事〉對雙D市場影響更甚於台灣921地震  「暫停報價」、「一日多市」恐再現</a><a href=\\"/news/id/3782714\\" title=\\"〈北韓若生戰事〉供不應求問題擴大 面板價格恐再漲\\" target=\\"_blank\\" rel=\\"noopener noreferrer\\">〈北韓若生戰事〉供不應求問題擴大 面板價格恐再漲</a><a href=\\"/news/id/3782649\\" title=\\"〈名師解盤〉台股上有鍋蓋下有鐵板 只怕狂人失控遭池魚之殃\\" target=\\"_blank\\" rel=\\"noopener noreferrer\\">〈名師解盤〉台股上有鍋蓋下有鐵板 只怕狂人失控遭池魚之殃</a><a href=\\"/news/id/3782690\\" title=\\"〈北韓若生戰事〉若有進一步挑釁 買方恐生恐慌 再推升DRAM價格漲勢\\" target=\\"_blank\\" rel=\\"noopener noreferrer\\">〈北韓若生戰事〉若有進一步挑釁 買方恐生恐慌 再推升DRAM價格漲勢</a><a href=\\"/news/id/3782467\\" title=\\"供不應求！DrameXchange：第二季DRAM報價喊漲12.5%\\" target=\\"_blank\\" rel=\\"noopener noreferrer\\">供不應求！DrameXchange：第二季DRAM報價喊漲12.5%</a></nav></div></div>"`;
