// Jest Snapshot v1, https://goo.gl/fbAQLP

exports[`Row should make a snapshot 1`] = `"<div class=\\"multi-row\\"><article class=\\"news-row-placeholder\\"><div class=\\"wrapper\\"></div></article><article class=\\"news-row-placeholder\\"><div class=\\"wrapper\\"></div></article><article class=\\"news-row-placeholder\\"><div class=\\"wrapper\\"></div></article></div>"`;
