// Jest Snapshot v1, https://goo.gl/fbAQLP

exports[`Footer component test should be same as snapshot 1`] = `"<div id=\\"cnyes-footer-wrapper\\" class=\\"theme-footer-wrapper\\"><footer class=\\"main-footer\\"><div class=\\"logo\\"><!-- react-empty: 4 --></div><div class=\\"nav\\"><nav><a href=\\"http://www.cnyes.com/cnyes_about/cnyes_about.html\\" target=\\"_blank\\" rel=\\"noopener noreferrer\\">關於我們</a><a href=\\"http://www.cnyes.com/cnyes_about/cnyes_AD01.html\\" target=\\"_blank\\" rel=\\"noopener noreferrer\\">廣告服務</a><a href=\\"http://www.cnyes.com/cnyes_about/cnyes_pas01.html\\" target=\\"_blank\\" rel=\\"noopener noreferrer\\">金融資訊元件</a><a href=\\"http://www.cnyes.com/cnyes_about/cnyes_ctcUsTpe.html\\" target=\\"_blank\\" rel=\\"noopener noreferrer\\">聯絡我們</a><a href=\\"http://www.104.com.tw/jobbank/custjob/index.php?r=cust&amp;j=5e6042253446402330683b1d1d1d1d5f2443a363189j01\\" target=\\"_blank\\" rel=\\"noopener noreferrer\\">徵才</a><a href=\\"http://www.cnyes.com/cnyes_about/site_map.html\\" target=\\"_blank\\" rel=\\"noopener noreferrer\\">網站地圖</a><a href=\\"http://www.cnyes.com/cnyes_about/cnyes_sos01.html\\" target=\\"_blank\\" rel=\\"noopener noreferrer\\">法律聲明</a></nav><small class=\\"copyright\\"><!-- react-text: 15 -->© Copyright 2000-<!-- /react-text --><!-- react-text: 16 -->2016<!-- /react-text --><!-- react-text: 17 --> cnYES.com All rights reserved. 未經授權 不得轉載<!-- /react-text --></small><span class=\\"statement\\"><a href=\\"https://news.cnyes.com/news/id/3919817\\" target=\\"_blank\\" rel=\\"noopener noreferrer\\">鉅亨網重大聲明</a></span></div><div class=\\"socials\\"><div class=\\"social-item\\"><div class=\\"title\\">粉 絲 團</div><a class=\\"social-icon facebook\\" href=\\"https://www.facebook.com/cnYES/\\" rel=\\"noopener noreferrer\\" target=\\"_blank\\">粉 絲 團</a></div><div class=\\"social-item\\"><div class=\\"title\\">鉅亨網Line</div><a class=\\"social-icon line\\" href=\\"https://line.me/ti/p/@ZLU0489G\\" rel=\\"noopener noreferrer\\" target=\\"_blank\\">鉅亨網Line</a></div><div class=\\"social-item\\"><div class=\\"title\\">鉅亨網APP</div><a class=\\"social-icon app\\" href=\\"http://www.cnyes.com/app?utm_source=cnyes&amp;utm_medium=desktop&amp;utm_campaign=desktop_footer\\" rel=\\"noopener noreferrer\\" target=\\"_blank\\">鉅亨網APP</a></div></div></footer></div>"`;
